[www.embibe.com/exams/fisheries/index.html]
[backblue.gif]
[fade.gif]
[index.html]
[www.embibe.com/exams/fisheries/t.src]
[www.embibe.com/exams/wp-includes/css/dist/block-library/style.min.css]
[www.embibe.com/exams/wp-content/cache/min/1/exams/wp-content/themes/embibe/assets/js/lib/slick/slick-themece09.css]
[www.embibe.com/exams/wp-content/cache/min/1/exams/wp-content/themes/embibe/assets/js/lib/slick/slickce09.css]
[www.embibe.com/exams/wp-content/cache/min/1/exams/wp-content/themes/embibe/assets/css/widgetsce09.css]
[www.embibe.com/exams/wp-content/cache/min/1/exams/wp-content/themes/embibe/assets/css/postpagece09.css]
[www.embibe.com/exams/wp-content/plugins/wp-rocket/assets/img/youtube.png]
[www.embibe.com/exams/wp-includes/js/jquery/jquery.min.js]
[www.embibe.com/exams/wp-includes/js/jquery/jquery-migrate.min.js]
[cdnjs.cloudflare.com/ajax/libs/mathjax/2.7.5/MathJaxc2e7.js]
[www.embibe.com/exams/wp-content/cache/min/1/exams/wp-content/themes/embibe/assets/js/lib/slick/slickce09.js]
[www.embibe.com/exams/wp-content/cache/min/1/exams/wp-content/themes/embibe/assets/js/modules/menuce09.js]
[www.embibe.com/exams/wp-content/cache/min/1/exams/wp-content/themes/embibe/assets/js/modules/slidersce09.js]
[www.embibe.com/exams/wp-content/cache/min/1/exams/wp-content/themes/embibe/assets/js/modules/gtm-tagsce09.js]
[www.embibe.com/exams/wp-content/cache/min/1/exams/wp-content/themes/embibe/assets/js/modules/signup-popupce09.js]
[d2cyt36b7wnvt9.cloudfront.net/exams/wp-content/uploads/2022/02/18173224/Student-app-embibe-logo.png]
[d2cyt36b7wnvt9.cloudfront.net/exams/wp-content/uploads/2021/10/23042209/thumnail-placeholder-1.png]
[d2cyt36b7wnvt9.cloudfront.net/exams/wp-content/uploads/2022/04/06203505/about-exam2.png]
[d2cyt36b7wnvt9.cloudfront.net/exams/wp-content/uploads/2022/07/06213835/Mobile-Banner-Copies-School-K12-38-1.gif]
[d2cyt36b7wnvt9.cloudfront.net/exams/wp-content/uploads/2021/06/21215055/p1.jpg]
[d2cyt36b7wnvt9.cloudfront.net/exams/wp-content/uploads/2021/06/21215428/p2.jpg]
[d2cyt36b7wnvt9.cloudfront.net/exams/wp-content/uploads/2021/06/21215842/cap-3.jpg]
[d2cyt36b7wnvt9.cloudfront.net/exams/wp-content/uploads/2022/07/06233145/Mobile-Banner-Copies-School-K12-2022-07-06T180136.183.gif]
[d2cyt36b7wnvt9.cloudfront.net/exams/wp-content/uploads/2021/11/06191928/Generic_Banner_Option_02.png]
[d2cyt36b7wnvt9.cloudfront.net/exams/wp-content/uploads/2022/07/07054932/Mobile-Banner-Copies-School-K12-2022-07-07T001924.452.gif]
[exams-in.s3.amazonaws.com/in-hi/wp-content/uploads/2022/02/17125450/embibe-logo.png]
[exams-in.s3.amazonaws.com/in-hi/wp-content/uploads/2022/02/17125304/world-economic-forum.png]
[exams-in.s3.amazonaws.com/in-hi/wp-content/uploads/2022/02/17125227/accenture-1.png]
[exams-in.s3.amazonaws.com/in-hi/wp-content/uploads/2022/02/17125248/placement-logo.png]
[exams-in.s3.amazonaws.com/in-hi/wp-content/uploads/2022/02/17125255/tedx-log-1.png]
[exams-in.s3.amazonaws.com/in-hi/wp-content/uploads/2022/02/17125228/amazon-conclave.png]
[exams-in.s3.amazonaws.com/in-hi/wp-content/uploads/2022/02/17125237/forbes-india.png]
[exams-in.s3.amazonaws.com/in-hi/wp-content/uploads/2022/02/17125855/acm.png]
[exams-in.s3.amazonaws.com/in-hi/wp-content/uploads/2022/02/17125301/wes.png]
[exams-in.s3.amazonaws.com/in-hi/wp-content/uploads/2022/02/17125232/data-mining.png]
[exams-in.s3.amazonaws.com/in-hi/wp-content/uploads/2022/02/17125233/disrupt.png]
[exams-in.s3.amazonaws.com/in-hi/wp-content/uploads/2022/02/17125249/springer.png]
[exams-in.s3.amazonaws.com/in-hi/wp-content/uploads/2022/02/17130722/fortune-india.png]
[exams-in.s3.amazonaws.com/in-hi/wp-content/uploads/2022/02/17125235/edtech.png]
[exams-in.s3.amazonaws.com/in-hi/wp-content/uploads/2022/02/17125244/nasscom-product-connet.png]
[exams-in.s3.amazonaws.com/in-hi/wp-content/uploads/2022/02/17125254/tech-in-asia.png]
[exams-in.s3.amazonaws.com/in-hi/wp-content/uploads/2022/02/17125306/your-story.png]
[exams-in.s3.amazonaws.com/in-hi/wp-content/uploads/2022/02/17125230/city-ai.png]
[exams-in.s3.amazonaws.com/in-hi/wp-content/uploads/2022/02/17125300/vccircle.png]
[exams-in.s3.amazonaws.com/in-hi/wp-content/uploads/2022/02/17125239/ink-talks.png]
[exams-in.s3.amazonaws.com/in-hi/wp-content/uploads/2022/02/17125240/kstart-1.png]
[exams-in.s3.amazonaws.com/in-hi/wp-content/uploads/2022/02/17125252/startupgrind.png]
[exams-in.s3.amazonaws.com/in-hi/wp-content/uploads/2022/02/17125245/placement-logo-2.png]
[exams-in.s3.amazonaws.com/in-hi/wp-content/uploads/2022/02/17125242/mumbai-summit-2020-ai.png]
[exams-in.s3.amazonaws.com/in-hi/wp-content/uploads/2022/02/17125258/uspto.png]
[exams-in.s3.amazonaws.com/in-hi/wp-content/uploads/2022/07/14083703/embibe-logo.png]
[d2cyt36b7wnvt9.cloudfront.net/exams/wp-content/uploads/2022/05/31221551/jumping-around.png]
[www.embibe.com/exams/wp-content/cache/min/1/exams/wp-content/themes/embibe/assets/js/modules/table-of-contentce09.js]
[www.embibe.com/exams/wp-content/cache/min/1/exams/wp-content/themes/embibe/assets/js/modules/table-view-more-btnce09.js]
[www.embibe.com/exams/wp-content/cache/min/1/exams/wp-content/themes/embibe/assets/js/globalce09.js]
[www.embibe.com/exams/wp-content/cache/min/1/exams/wp-content/themes/embibe/assets/js/modules/signup-with-otpce09.js]
[www.embibe.com/exams/wp-content/cache/min/1/exams/wp-content/themes/embibe/assets/js/modules/firstfold-signupce09.js]
[www.embibe.com/exams/wp-content/cache/min/1/exams/wp-content/themes/embibe/assets/js/modules/eventsce09.js]
[www.embibe.com/exams/wp-content/cache/min/1/exams/wp-content/themes/embibe/assets/js/modules/stripece09.js]
[www.embibe.com/exams/wp-content/cache/min/1/exams/wp-content/themes/embibe/assets/js/modules/fonts-loadce09.js]
[www.embibe.com/exams/fisheries/index.html]
[www.embibe.com/exams/fisheries/t.html]
[www.embibe.com/exams/wp-includes/css/dist/block-library/style.min.css]
[www.embibe.com/exams/wp-content/plugins/wp-rocket/assets/js/lazyload/17.5/lazyload.min.js]
[www.embibe.com/exams/wp-content/themes/embibe/assets/js/lib/slick/ajax-loader.gif]
[www.embibe.com/exams/wp-content/cache/min/1/exams/wp-content/themes/embibe/assets/js/lib/slick/slick-themece09.css]
[www.embibe.com/exams/wp-content/cache/min/1/exams/wp-content/themes/embibe/assets/js/lib/slick/slickce09.css]
[d2cyt36b7wnvt9.cloudfront.net/exams/wp-content/uploads/2022/05/31221553/pattern.png]
[www.embibe.com/exams/wp-content/cache/min/1/exams/wp-content/themes/embibe/assets/css/widgetsce09.css]
[exams-in.s3.amazonaws.com/in-hi/wp-content/uploads/2022/02/10123833/arrow-breadcrumb.png]
[www.embibe.com/exams/wp-content/cache/min/1/exams/wp-content/themes/embibe/assets/css/postpagece09.css]
